[www.cashearningtips.com/side-menu-light-file-manager.html]
[www.cashearningtips.com/dist/images/logo.svg]
[backblue.gif]
[fade.gif]
[index.html]
[www.cashearningtips.com/dist/css/app.css]
[www.cashearningtips.com/side-menu-light-dashboard-overview-2.html]
[www.cashearningtips.com/index.html]
[www.cashearningtips.com/side-menu-light-dashboard-overview-3.html]
[www.cashearningtips.com/simple-menu-light-dashboard-overview-1.html]
[www.cashearningtips.com/top-menu-light-dashboard-overview-1.html]
[www.cashearningtips.com/side-menu-light-inbox.html]
[www.cashearningtips.com/side-menu-light-point-of-sale.html]
[www.cashearningtips.com/side-menu-light-chat.html]
[www.cashearningtips.com/side-menu-light-post.html]
[www.cashearningtips.com/side-menu-light-calendar.html]
[www.cashearningtips.com/side-menu-light-crud-data-list.html]
[www.cashearningtips.com/side-menu-light-crud-form.html]
[www.cashearningtips.com/side-menu-light-users-layout-1.html]
[www.cashearningtips.com/side-menu-light-users-layout-2.html]
[www.cashearningtips.com/side-menu-light-users-layout-3.html]
[www.cashearningtips.com/side-menu-light-profile-overview-1.html]
[www.cashearningtips.com/side-menu-light-profile-overview-2.html]
[www.cashearningtips.com/side-menu-light-profile-overview-3.html]
[www.cashearningtips.com/side-menu-light-wizard-layout-1.html]
[www.cashearningtips.com/side-menu-light-wizard-layout-2.html]
[www.cashearningtips.com/side-menu-light-wizard-layout-3.html]
[www.cashearningtips.com/side-menu-light-blog-layout-1.html]
[www.cashearningtips.com/side-menu-light-blog-layout-2.html]
[www.cashearningtips.com/side-menu-light-blog-layout-3.html]
[www.cashearningtips.com/side-menu-light-pricing-layout-1.html]
[www.cashearningtips.com/side-menu-light-pricing-layout-2.html]
[www.cashearningtips.com/side-menu-light-invoice-layout-1.html]
[www.cashearningtips.com/side-menu-light-invoice-layout-2.html]
[www.cashearningtips.com/side-menu-light-faq-layout-1.html]
[www.cashearningtips.com/side-menu-light-faq-layout-2.html]
[www.cashearningtips.com/side-menu-light-faq-layout-3.html]
[www.cashearningtips.com/side-menu-light-update-profile.html]
[www.cashearningtips.com/side-menu-light-change-password.html]
[www.cashearningtips.com/side-menu-light-regular-table.html]
[www.cashearningtips.com/side-menu-light-tabulator.html]
[www.cashearningtips.com/side-menu-light-modal.html]
[www.cashearningtips.com/side-menu-light-notification.html]
[www.cashearningtips.com/side-menu-light-slide-over.html]
[www.cashearningtips.com/side-menu-light-accordion.html]
[www.cashearningtips.com/side-menu-light-alert.html]
[www.cashearningtips.com/side-menu-light-button.html]
[www.cashearningtips.com/side-menu-light-progress-bar.html]
[www.cashearningtips.com/side-menu-light-tooltip.html]
[www.cashearningtips.com/side-menu-light-dropdown.html]
[www.cashearningtips.com/side-menu-light-typography.html]
[www.cashearningtips.com/side-menu-light-icon.html]
[www.cashearningtips.com/side-menu-light-loading-icon.html]
[www.cashearningtips.com/side-menu-light-regular-form.html]
[www.cashearningtips.com/side-menu-light-datepicker.html]
[www.cashearningtips.com/side-menu-light-tail-select.html]
[www.cashearningtips.com/side-menu-light-file-upload.html]
[www.cashearningtips.com/side-menu-light-wysiwyg-editor.html]
[www.cashearningtips.com/side-menu-light-validation.html]
[www.cashearningtips.com/side-menu-light-chart.html]
[www.cashearningtips.com/side-menu-light-slider.html]
[www.cashearningtips.com/side-menu-light-image-zoom.html]
[www.cashearningtips.com/dist/images/profile-15.jpg]
[www.cashearningtips.com/dist/images/profile-7.jpg]
[www.cashearningtips.com/dist/images/profile-1.jpg]
[www.cashearningtips.com/dist/images/preview-8.jpg]
[www.cashearningtips.com/dist/images/preview-6.jpg]
[www.cashearningtips.com/dist/images/profile-5.jpg]
[www.cashearningtips.com/dist/images/profile-8.jpg]
[www.cashearningtips.com/dist/images/preview-14.jpg]
[www.cashearningtips.com/dist/images/preview-2.jpg]
[www.cashearningtips.com/dist/images/preview-1.jpg]
[www.cashearningtips.com/dist/images/preview-4.jpg]
[developers.google.com/maps/documentation/javascript/examples/markerclusterer/markerclusterer.js]
[www.cashearningtips.com/side-menu-light-file-manager.html]
[www.cashearningtips.com/dist/images/logo.svg]
[www.cashearningtips.com/dist/images/bg-login-page.svg]
[www.cashearningtips.com/dist/images/bg-login-page-dark.svg]
[www.cashearningtips.com/dist/css/app.css]
[ajax.googleapis.com/ajax/libs/jquery/1.11.0/jquery.min.js]
[www.cashearningtips.com/dist/images/profile-12.jpg]
[www.cashearningtips.com/dist/images/preview-15.jpg]
[www.cashearningtips.com/dist/images/preview-7.jpg]
[www.cashearningtips.com/dist/images/preview-10.jpg]
[www.cashearningtips.com/dist/images/profile-13.jpg]
[www.cashearningtips.com/dist/images/profile-2.jpg]
[www.cashearningtips.com/dist/images/profile-14.jpg]
[www.cashearningtips.com/dist/images/profile-3.jpg]
[www.cashearningtips.com/dist/images/preview-9.jpg]
[www.cashearningtips.com/dist/images/profile-11.jpg]
[www.cashearningtips.com/dist/images/profile-9.jpg]
[www.cashearningtips.com/index.html]
[www.cashearningtips.com/dist/images/profile-10.jpg]
[www.cashearningtips.com/dist/images/preview-13.jpg]
[www.cashearningtips.com/dist/images/preview-5.jpg]
[www.cashearningtips.com/dist/images/woman-illustration.svg]
[www.cashearningtips.com/dist/images/phone-illustration.svg]
[www.cashearningtips.com/dist/images/preview-11.jpg]
[www.cashearningtips.com/dist/images/profile-6.jpg]
[www.cashearningtips.com/dist/images/profile-4.jpg]
[www.cashearningtips.com/side-menu-light-dashboard-overview-2.html]
[www.cashearningtips.com/dist/images/preview-12.jpg]
[www.cashearningtips.com/dist/images/preview-3.jpg]
[www.cashearningtips.com/side-menu-light-dashboard-overview-3.html]
[www.cashearningtips.com/simple-menu-light-dashboard-overview-2.html]
[www.cashearningtips.com/simple-menu-light-dashboard-overview-3.html]
[www.cashearningtips.com/simple-menu-light-inbox.html]
[www.cashearningtips.com/simple-menu-light-file-manager.html]
[www.cashearningtips.com/simple-menu-light-point-of-sale.html]
[www.cashearningtips.com/simple-menu-light-chat.html]
[www.cashearningtips.com/simple-menu-light-post.html]
[www.cashearningtips.com/simple-menu-light-calendar.html]
[www.cashearningtips.com/simple-menu-light-users-layout-1.html]
[www.cashearningtips.com/simple-menu-light-users-layout-2.html]
[www.cashearningtips.com/simple-menu-light-users-layout-3.html]
[www.cashearningtips.com/simple-menu-light-profile-overview-1.html]
[www.cashearningtips.com/simple-menu-light-profile-overview-2.html]
[www.cashearningtips.com/simple-menu-light-profile-overview-3.html]
[www.cashearningtips.com/simple-menu-light-wizard-layout-1.html]
[www.cashearningtips.com/simple-menu-light-wizard-layout-2.html]
[www.cashearningtips.com/simple-menu-light-wizard-layout-3.html]
[www.cashearningtips.com/simple-menu-light-blog-layout-1.html]
[www.cashearningtips.com/simple-menu-light-blog-layout-2.html]
[www.cashearningtips.com/simple-menu-light-blog-layout-3.html]
[www.cashearningtips.com/simple-menu-light-pricing-layout-1.html]
[www.cashearningtips.com/simple-menu-light-pricing-layout-2.html]
[www.cashearningtips.com/simple-menu-light-invoice-layout-1.html]
[www.cashearningtips.com/simple-menu-light-invoice-layout-2.html]
[www.cashearningtips.com/simple-menu-light-faq-layout-1.html]
[www.cashearningtips.com/simple-menu-light-faq-layout-2.html]
[www.cashearningtips.com/simple-menu-light-faq-layout-3.html]
[www.cashearningtips.com/dist/js/app.js]
[www.cashearningtips.com/simple-menu-light-update-profile.html]
[www.cashearningtips.com/simple-menu-light-change-password.html]
[www.cashearningtips.com/simple-menu-light-regular-table.html]
[www.cashearningtips.com/simple-menu-light-tabulator.html]
[www.cashearningtips.com/simple-menu-light-modal.html]
[www.cashearningtips.com/simple-menu-light-slide-over.html]
[www.cashearningtips.com/simple-menu-light-notification.html]
[www.cashearningtips.com/simple-menu-light-accordion.html]
[www.cashearningtips.com/simple-menu-light-button.html]
[www.cashearningtips.com/simple-menu-light-alert.html]
[www.cashearningtips.com/simple-menu-light-progress-bar.html]
[www.cashearningtips.com/simple-menu-light-tooltip.html]
[www.cashearningtips.com/simple-menu-light-dropdown.html]
[www.cashearningtips.com/simple-menu-light-typography.html]
[www.cashearningtips.com/simple-menu-light-icon.html]
[www.cashearningtips.com/simple-menu-light-regular-form.html]
[www.cashearningtips.com/simple-menu-light-datepicker.html]
[www.cashearningtips.com/simple-menu-light-tail-select.html]
[www.cashearningtips.com/simple-menu-light-file-upload.html]
[www.cashearningtips.com/simple-menu-light-wysiwyg-editor.html]
[www.cashearningtips.com/simple-menu-light-validation.html]
[www.cashearningtips.com/simple-menu-light-chart.html]
[www.cashearningtips.com/simple-menu-light-slider.html]
[www.cashearningtips.com/simple-menu-light-image-zoom.html]
[www.cashearningtips.com/simple-menu-light-dashboard-overview-1.html]
[www.cashearningtips.com/top-menu-light-dashboard-overview-2.html]
[www.cashearningtips.com/top-menu-light-dashboard-overview-3.html]
[www.cashearningtips.com/top-menu-light-users-layout-1.html]
[www.cashearningtips.com/top-menu-light-users-layout-2.html]
[www.cashearningtips.com/top-menu-light-users-layout-3.html]
[www.cashearningtips.com/top-menu-light-profile-overview-1.html]
[www.cashearningtips.com/top-menu-light-profile-overview-2.html]
[www.cashearningtips.com/top-menu-light-profile-overview-3.html]
[www.cashearningtips.com/top-menu-light-inbox.html]
[www.cashearningtips.com/top-menu-light-file-manager.html]
[www.cashearningtips.com/top-menu-light-point-of-sale.html]
[www.cashearningtips.com/top-menu-light-chat.html]
[www.cashearningtips.com/top-menu-light-post.html]
[www.cashearningtips.com/top-menu-light-calendar.html]
[www.cashearningtips.com/top-menu-light-wizard-layout-1.html]
[www.cashearningtips.com/top-menu-light-wizard-layout-2.html]
[www.cashearningtips.com/top-menu-light-wizard-layout-3.html]
[www.cashearningtips.com/top-menu-light-blog-layout-1.html]
[www.cashearningtips.com/top-menu-light-blog-layout-3.html]
[www.cashearningtips.com/top-menu-light-pricing-layout-1.html]
[www.cashearningtips.com/top-menu-light-blog-layout-2.html]
[www.cashearningtips.com/top-menu-light-pricing-layout-2.html]
[www.cashearningtips.com/top-menu-light-invoice-layout-2.html]
[www.cashearningtips.com/top-menu-light-invoice-layout-1.html]
[www.cashearningtips.com/top-menu-light-faq-layout-1.html]
[www.cashearningtips.com/top-menu-light-faq-layout-2.html]
[www.cashearningtips.com/top-menu-light-faq-layout-3.html]
[www.cashearningtips.com/top-menu-light-update-profile.html]
[www.cashearningtips.com/top-menu-light-change-password.html]
[www.cashearningtips.com/top-menu-light-regular-table.html]
[www.cashearningtips.com/top-menu-light-tabulator.html]
[www.cashearningtips.com/top-menu-light-slide-over.html]
[www.cashearningtips.com/top-menu-light-modal.html]
[www.cashearningtips.com/top-menu-light-notification.html]
[www.cashearningtips.com/top-menu-light-accordion.html]
[www.cashearningtips.com/top-menu-light-button.html]
[www.cashearningtips.com/top-menu-light-alert.html]
[www.cashearningtips.com/top-menu-light-progress-bar.html]
[www.cashearningtips.com/top-menu-light-tooltip.html]
[www.cashearningtips.com/top-menu-light-dropdown.html]
[www.cashearningtips.com/top-menu-light-typography.html]
[www.cashearningtips.com/top-menu-light-icon.html]
[www.cashearningtips.com/top-menu-light-regular-form.html]
[www.cashearningtips.com/top-menu-light-datepicker.html]
[www.cashearningtips.com/top-menu-light-tail-select.html]
[www.cashearningtips.com/top-menu-light-file-upload.html]
[www.cashearningtips.com/top-menu-light-wysiwyg-editor.html]
[www.cashearningtips.com/top-menu-light-validation.html]
[www.cashearningtips.com/top-menu-light-chart.html]
[www.cashearningtips.com/top-menu-light-slider.html]
[www.cashearningtips.com/top-menu-light-image-zoom.html]
[www.cashearningtips.com/top-menu-light-dashboard-overview-1.html]
[www.cashearningtips.com/side-menu-light-inbox.html]
[www.cashearningtips.com/dist/images/food-beverage-1.jpg]
[www.cashearningtips.com/dist/images/food-beverage-10.jpg]
[www.cashearningtips.com/dist/images/food-beverage-5.jpg]
[www.cashearningtips.com/dist/images/food-beverage-11.jpg]
[www.cashearningtips.com/dist/images/food-beverage-7.jpg]
[www.cashearningtips.com/dist/images/food-beverage-15.jpg]
[www.cashearningtips.com/dist/images/food-beverage-6.jpg]
[www.cashearningtips.com/side-menu-light-point-of-sale.html]
[www.cashearningtips.com/side-menu-light-chat.html]
[www.cashearningtips.com/side-menu-light-post.html]
[www.cashearningtips.com/side-menu-light-calendar.html]
[www.cashearningtips.com/side-menu-light-crud-data-list.html]
[www.cashearningtips.com/side-menu-light-crud-form.html]
[www.cashearningtips.com/side-menu-light-users-layout-1.html]
[www.cashearningtips.com/side-menu-light-users-layout-2.html]
[www.cashearningtips.com/side-menu-light-users-layout-3.html]
[www.cashearningtips.com/side-menu-light-profile-overview-1.html]
[www.cashearningtips.com/side-menu-light-profile-overview-2.html]
[www.cashearningtips.com/side-menu-light-profile-overview-3.html]
[www.cashearningtips.com/side-menu-light-wizard-layout-1.html]
[www.cashearningtips.com/side-menu-light-wizard-layout-2.html]
[www.cashearningtips.com/side-menu-light-wizard-layout-3.html]
[www.cashearningtips.com/side-menu-light-blog-layout-1.html]
[www.cashearningtips.com/side-menu-light-blog-layout-2.html]
[www.cashearningtips.com/side-menu-light-blog-layout-3.html]
[www.cashearningtips.com/side-menu-light-pricing-layout-1.html]
[www.cashearningtips.com/side-menu-light-pricing-layout-2.html]
[www.cashearningtips.com/side-menu-light-invoice-layout-1.html]
[www.cashearningtips.com/side-menu-light-invoice-layout-2.html]
[www.cashearningtips.com/side-menu-light-faq-layout-1.html]
[www.cashearningtips.com/side-menu-light-faq-layout-2.html]
[www.cashearningtips.com/side-menu-light-faq-layout-3.html]
[www.cashearningtips.com/login-light-login.html]
[www.cashearningtips.com/login-light-register.html]
[www.cashearningtips.com/main-light-error-page.html]
[www.cashearningtips.com/side-menu-light-update-profile.html]
[www.cashearningtips.com/side-menu-light-change-password.html]
[www.cashearningtips.com/side-menu-light-regular-table.html]
[www.cashearningtips.com/side-menu-light-tabulator.html]
[www.cashearningtips.com/side-menu-light-modal.html]
[www.cashearningtips.com/side-menu-light-slide-over.html]
[www.cashearningtips.com/side-menu-light-notification.html]
[www.cashearningtips.com/side-menu-light-accordion.html]
[www.cashearningtips.com/side-menu-light-button.html]
[www.cashearningtips.com/side-menu-light-alert.html]
[www.cashearningtips.com/side-menu-light-progress-bar.html]
[www.cashearningtips.com/side-menu-light-tooltip.html]
[www.cashearningtips.com/side-menu-light-dropdown.html]
[www.cashearningtips.com/side-menu-light-typography.html]
[www.cashearningtips.com/side-menu-light-icon.html]
[www.cashearningtips.com/side-menu-light-loading-icon.html]
[www.cashearningtips.com/side-menu-light-regular-form.html]
[www.cashearningtips.com/side-menu-light-datepicker.html]
[www.cashearningtips.com/side-menu-light-tail-select.html]
[www.cashearningtips.com/side-menu-light-file-upload.html]
[www.cashearningtips.com/side-menu-light-wysiwyg-editor.html]
[www.cashearningtips.com/side-menu-light-validation.html]
[www.cashearningtips.com/side-menu-light-chart.html]
[www.cashearningtips.com/side-menu-light-slider.html]
[www.cashearningtips.com/side-menu-light-image-zoom.html]
[www.cashearningtips.com/dist/images/bg-login-page.svg]
[www.cashearningtips.com/dist/images/bg-login-page-dark.svg]
[www.cashearningtips.com/dist/images/woman-illustration.svg]
[www.cashearningtips.com/dist/images/phone-illustration.svg]
[www.cashearningtips.com/simple-menu-light-dashboard-overview-2.html]
[www.cashearningtips.com/simple-menu-light-dashboard-overview-3.html]
[www.cashearningtips.com/simple-menu-light-inbox.html]
[www.cashearningtips.com/simple-menu-light-file-manager.html]
[www.cashearningtips.com/dist/images/food-beverage-9.jpg]
[www.cashearningtips.com/dist/images/food-beverage-16.jpg]
[www.cashearningtips.com/dist/images/food-beverage-3.jpg]
[www.cashearningtips.com/dist/images/food-beverage-4.jpg]
[www.cashearningtips.com/dist/images/food-beverage-14.jpg]
[www.cashearningtips.com/simple-menu-light-point-of-sale.html]
[www.cashearningtips.com/simple-menu-light-chat.html]
[www.cashearningtips.com/simple-menu-light-post.html]
[www.cashearningtips.com/simple-menu-light-calendar.html]
[www.cashearningtips.com/simple-menu-light-users-layout-1.html]
[www.cashearningtips.com/simple-menu-light-users-layout-2.html]
[www.cashearningtips.com/simple-menu-light-users-layout-3.html]
[www.cashearningtips.com/simple-menu-light-profile-overview-1.html]
[www.cashearningtips.com/simple-menu-light-profile-overview-2.html]
[www.cashearningtips.com/simple-menu-light-profile-overview-3.html]
[www.cashearningtips.com/simple-menu-light-wizard-layout-1.html]
[www.cashearningtips.com/simple-menu-light-wizard-layout-2.html]
[www.cashearningtips.com/simple-menu-light-wizard-layout-3.html]
[www.cashearningtips.com/simple-menu-light-blog-layout-1.html]
[www.cashearningtips.com/simple-menu-light-blog-layout-2.html]
[www.cashearningtips.com/simple-menu-light-blog-layout-3.html]
[www.cashearningtips.com/simple-menu-light-pricing-layout-1.html]
[www.cashearningtips.com/simple-menu-light-pricing-layout-2.html]
[www.cashearningtips.com/simple-menu-light-invoice-layout-1.html]
[www.cashearningtips.com/simple-menu-light-invoice-layout-2.html]
[www.cashearningtips.com/simple-menu-light-faq-layout-1.html]
[www.cashearningtips.com/simple-menu-light-faq-layout-2.html]
[www.cashearningtips.com/simple-menu-light-faq-layout-3.html]
[www.cashearningtips.com/simple-menu-light-update-profile.html]
[www.cashearningtips.com/simple-menu-light-change-password.html]
[www.cashearningtips.com/simple-menu-light-regular-table.html]
[www.cashearningtips.com/simple-menu-light-tabulator.html]
[www.cashearningtips.com/simple-menu-light-modal.html]
[www.cashearningtips.com/simple-menu-light-slide-over.html]
[www.cashearningtips.com/simple-menu-light-notification.html]
[www.cashearningtips.com/simple-menu-light-accordion.html]
[www.cashearningtips.com/simple-menu-light-button.html]
[www.cashearningtips.com/simple-menu-light-alert.html]
[www.cashearningtips.com/simple-menu-light-progress-bar.html]
[www.cashearningtips.com/simple-menu-light-tooltip.html]
[www.cashearningtips.com/simple-menu-light-dropdown.html]
[www.cashearningtips.com/simple-menu-light-typography.html]
[www.cashearningtips.com/simple-menu-light-icon.html]
[www.cashearningtips.com/simple-menu-light-regular-form.html]
[www.cashearningtips.com/simple-menu-light-datepicker.html]
[www.cashearningtips.com/simple-menu-light-tail-select.html]
[www.cashearningtips.com/simple-menu-light-file-upload.html]
[www.cashearningtips.com/simple-menu-light-wysiwyg-editor.html]
[www.cashearningtips.com/simple-menu-light-validation.html]
[www.cashearningtips.com/simple-menu-light-chart.html]
[www.cashearningtips.com/simple-menu-light-slider.html]
[www.cashearningtips.com/simple-menu-light-image-zoom.html]
[www.cashearningtips.com/top-menu-light-dashboard-overview-2.html]
[www.cashearningtips.com/top-menu-light-dashboard-overview-3.html]
[www.cashearningtips.com/top-menu-light-users-layout-1.html]
[www.cashearningtips.com/top-menu-light-users-layout-2.html]
[www.cashearningtips.com/top-menu-light-users-layout-3.html]
[www.cashearningtips.com/top-menu-light-profile-overview-1.html]
[www.cashearningtips.com/top-menu-light-profile-overview-2.html]
[www.cashearningtips.com/top-menu-light-profile-overview-3.html]
[www.cashearningtips.com/top-menu-light-inbox.html]
[www.cashearningtips.com/top-menu-light-file-manager.html]
[www.cashearningtips.com/dist/images/food-beverage-19.jpg]
[www.cashearningtips.com/top-menu-light-point-of-sale.html]
[www.cashearningtips.com/top-menu-light-chat.html]
[www.cashearningtips.com/top-menu-light-post.html]
[www.cashearningtips.com/top-menu-light-calendar.html]
[www.cashearningtips.com/top-menu-light-wizard-layout-1.html]
[www.cashearningtips.com/top-menu-light-wizard-layout-2.html]
[www.cashearningtips.com/top-menu-light-wizard-layout-3.html]
[www.cashearningtips.com/top-menu-light-blog-layout-1.html]
[www.cashearningtips.com/top-menu-light-blog-layout-2.html]
[www.cashearningtips.com/top-menu-light-blog-layout-3.html]
[www.cashearningtips.com/top-menu-light-pricing-layout-1.html]
[www.cashearningtips.com/top-menu-light-pricing-layout-2.html]
[www.cashearningtips.com/top-menu-light-invoice-layout-1.html]
[www.cashearningtips.com/top-menu-light-invoice-layout-2.html]
[www.cashearningtips.com/top-menu-light-faq-layout-1.html]
[www.cashearningtips.com/top-menu-light-faq-layout-2.html]
[www.cashearningtips.com/top-menu-light-faq-layout-3.html]
[www.cashearningtips.com/top-menu-light-update-profile.html]
[www.cashearningtips.com/top-menu-light-change-password.html]
[www.cashearningtips.com/top-menu-light-regular-table.html]
[www.cashearningtips.com/top-menu-light-tabulator.html]
[www.cashearningtips.com/top-menu-light-modal.html]
[www.cashearningtips.com/top-menu-light-slide-over.html]
[www.cashearningtips.com/top-menu-light-notification.html]
[www.cashearningtips.com/top-menu-light-accordion.html]
[www.cashearningtips.com/top-menu-light-button.html]
[www.cashearningtips.com/top-menu-light-alert.html]
[www.cashearningtips.com/top-menu-light-progress-bar.html]
[www.cashearningtips.com/top-menu-light-tooltip.html]
[www.cashearningtips.com/top-menu-light-dropdown.html]
[www.cashearningtips.com/top-menu-light-typography.html]
[www.cashearningtips.com/top-menu-light-icon.html]
[www.cashearningtips.com/top-menu-light-regular-form.html]
[www.cashearningtips.com/top-menu-light-datepicker.html]
[www.cashearningtips.com/top-menu-light-tail-select.html]
[www.cashearningtips.com/top-menu-light-file-upload.html]
[www.cashearningtips.com/top-menu-light-wysiwyg-editor.html]
[www.cashearningtips.com/top-menu-light-validation.html]
[www.cashearningtips.com/top-menu-light-chart.html]
[www.cashearningtips.com/top-menu-light-slider.html]
[www.cashearningtips.com/top-menu-light-image-zoom.html]
