[www.einfosoft.com/templates/admin/spice/source/index.html]
[backblue.gif]
[fade.gif]
[index.html]
[www.einfosoft.com/templates/admin/spice/source/assets/plugins/simple-line-icons/simple-line-icons.min.css]
[www.einfosoft.com/templates/admin/spice/source/assets/plugins/font-awesome/css/font-awesome.min.css]
[www.einfosoft.com/templates/admin/spice/source/assets/plugins/bootstrap/css/bootstrap.min.css]
[www.einfosoft.com/templates/admin/spice/source/assets/plugins/summernote/summernote.css]
[www.einfosoft.com/templates/admin/spice/source/assets/plugins/morris/morris.css]
[www.einfosoft.com/templates/admin/spice/source/assets/plugins/material/material.min.css]
[www.einfosoft.com/templates/admin/spice/source/assets/css/material_style.css]
[www.einfosoft.com/templates/admin/spice/source/assets/css/pages/animate_page.css]
[www.einfosoft.com/templates/admin/spice/source/assets/css/plugins.min.css]
[www.einfosoft.com/templates/admin/spice/source/assets/css/style.css]
[www.einfosoft.com/templates/admin/spice/source/assets/css/responsive.css]
[www.einfosoft.com/templates/admin/spice/source/assets/css/theme-color.css]
[www.einfosoft.com/templates/admin/spice/source/assets/img/favicon.ico]
[www.einfosoft.com/templates/admin/spice/source/assets/img/logo.png]
[www.einfosoft.com/templates/admin/spice/source/assets/img/user/user2.jpg]
[www.einfosoft.com/templates/admin/spice/source/assets/img/user/user3.jpg]
[www.einfosoft.com/templates/admin/spice/source/assets/img/user/user1.jpg]
[www.einfosoft.com/templates/admin/spice/source/assets/img/user/user8.jpg]
[www.einfosoft.com/templates/admin/spice/source/assets/img/user/user5.jpg]
[www.einfosoft.com/templates/admin/spice/source/assets/img/dp.jpg]
[www.einfosoft.com/templates/admin/spice/source/user_profile.html]
[www.einfosoft.com/templates/admin/spice/source/lock_screen.html]
[www.einfosoft.com/templates/admin/spice/source/login.html]
[www.einfosoft.com/templates/admin/spice/source/email_inbox.html]
[www.einfosoft.com/templates/admin/spice/source/chat.html]
[www.einfosoft.com/templates/admin/spice/source/dashboard2.html]
[www.einfosoft.com/templates/admin/spice/source/email_view.html]
[www.einfosoft.com/templates/admin/spice/source/email_compose.html]
[www.einfosoft.com/templates/admin/spice/source/new_booking.html]
[www.einfosoft.com/templates/admin/spice/source/view_booking.html]
[www.einfosoft.com/templates/admin/spice/source/edit_booking.html]
[www.einfosoft.com/templates/admin/spice/source/add_room.html]
[www.einfosoft.com/templates/admin/spice/source/all_rooms.html]
[www.einfosoft.com/templates/admin/spice/source/edit_room.html]
[www.einfosoft.com/templates/admin/spice/source/add_staff.html]
[www.einfosoft.com/templates/admin/spice/source/all_staffs.html]
[www.einfosoft.com/templates/admin/spice/source/edit_staff.html]
[www.einfosoft.com/templates/admin/spice/source/add_vehicle.html]
[www.einfosoft.com/templates/admin/spice/source/all_vehicles.html]
[www.einfosoft.com/templates/admin/spice/source/edit_vehicle.html]
[www.einfosoft.com/templates/admin/spice/source/layout_boxed.html]
[www.einfosoft.com/templates/admin/spice/source/layout_full_width.html]
[www.einfosoft.com/templates/admin/spice/source/layout_collapse.html]
[www.einfosoft.com/templates/admin/spice/source/layout_right_sidebar.html]
[www.einfosoft.com/templates/admin/spice/source/layout_sidebar_hover_menu.html]
[www.einfosoft.com/templates/admin/spice/source/layout_mega_menu.html]
[www.einfosoft.com/templates/admin/spice/source/contact_list.html]
[www.einfosoft.com/templates/admin/spice/source/contact_grid.html]
[www.einfosoft.com/templates/admin/spice/source/gallery.html]
[www.einfosoft.com/templates/admin/spice/source/support.html]
[www.einfosoft.com/templates/admin/spice/source/calendar.html]
[www.einfosoft.com/templates/admin/spice/source/widget.html]
[www.einfosoft.com/templates/admin/spice/source/buttons.html]
[www.einfosoft.com/templates/admin/spice/source/alert.html]
[www.einfosoft.com/templates/admin/spice/source/tabs_accordions_navs.html]
[www.einfosoft.com/templates/admin/spice/source/typography.html]
[www.einfosoft.com/templates/admin/spice/source/notification.html]
[www.einfosoft.com/templates/admin/spice/source/sweet_alert.html]
[www.einfosoft.com/templates/admin/spice/source/panels.html]
[www.einfosoft.com/templates/admin/spice/source/grid.html]
[www.einfosoft.com/templates/admin/spice/source/tree.html]
[www.einfosoft.com/templates/admin/spice/source/carousel.html]
[www.einfosoft.com/templates/admin/spice/source/animation.html]
[www.einfosoft.com/templates/admin/spice/source/material_button.html]
[www.einfosoft.com/templates/admin/spice/source/material_tab.html]
[www.einfosoft.com/templates/admin/spice/source/material_chips.html]
[www.einfosoft.com/templates/admin/spice/source/material_grid.html]
[www.einfosoft.com/templates/admin/spice/source/material_form.html]
[www.einfosoft.com/templates/admin/spice/source/material_datepicker.html]
[www.einfosoft.com/templates/admin/spice/source/material_select.html]
[www.einfosoft.com/templates/admin/spice/source/material_loading.html]
[www.einfosoft.com/templates/admin/spice/source/material_menu.html]
[www.einfosoft.com/templates/admin/spice/source/material_slider.html]
[www.einfosoft.com/templates/admin/spice/source/material_tables.html]
[www.einfosoft.com/templates/admin/spice/source/material_toggle.html]
[www.einfosoft.com/templates/admin/spice/source/material_badges.html]
[www.einfosoft.com/templates/admin/spice/source/layouts_form.html]
[www.einfosoft.com/templates/admin/spice/source/advance_form.html]
[www.einfosoft.com/templates/admin/spice/source/validation_form.html]
[www.einfosoft.com/templates/admin/spice/source/steps.html]
[www.einfosoft.com/templates/admin/spice/source/file_upload.html]
[www.einfosoft.com/templates/admin/spice/source/editable_form.html]
[www.einfosoft.com/templates/admin/spice/source/basic_table.html]
[www.einfosoft.com/templates/admin/spice/source/advanced_table.html]
[www.einfosoft.com/templates/admin/spice/source/editable_table.html]
[www.einfosoft.com/templates/admin/spice/source/group_table.html]
[www.einfosoft.com/templates/admin/spice/source/table_data.html]
[www.einfosoft.com/templates/admin/spice/source/charts_echarts.html]
[www.einfosoft.com/templates/admin/spice/source/charts_morris.html]
[www.einfosoft.com/templates/admin/spice/source/charts_chartjs.html]
[www.einfosoft.com/templates/admin/spice/source/google_maps.html]
[www.einfosoft.com/templates/admin/spice/source/vector_maps.html]
[www.einfosoft.com/templates/admin/spice/source/fontawesome_icons.html]
[www.einfosoft.com/templates/admin/spice/source/simpleline_icons.html]
[www.einfosoft.com/templates/admin/spice/source/material_icons.html]
[www.einfosoft.com/templates/admin/spice/source/timeline.html]
[www.einfosoft.com/templates/admin/spice/source/sign_up.html]
[www.einfosoft.com/templates/admin/spice/source/contactus.html]
[www.einfosoft.com/templates/admin/spice/source/pricing.html]
[www.einfosoft.com/templates/admin/spice/source/invoice.html]
[www.einfosoft.com/templates/admin/spice/source/faq.html]
[www.einfosoft.com/templates/admin/spice/source/page-404.html]
[www.einfosoft.com/templates/admin/spice/source/page-500.html]
[www.einfosoft.com/templates/admin/spice/source/blank_page.html]
[www.einfosoft.com/templates/admin/spice/source/assets/img/user/user4.jpg]
[www.einfosoft.com/templates/admin/spice/source/assets/img/user/user6.jpg]
[www.einfosoft.com/templates/admin/spice/source/assets/img/user/user7.jpg]
[www.einfosoft.com/templates/admin/spice/source/assets/img/user/user9.jpg]
[www.einfosoft.com/templates/admin/spice/source/assets/img/user/user10.jpg]
[www.einfosoft.com/templates/admin/spice/source/assets/plugins/jquery/jquery.min.js]
[www.einfosoft.com/templates/admin/spice/source/assets/plugins/popper/popper.min.js]
[www.einfosoft.com/templates/admin/spice/source/assets/plugins/jquery-blockui/jquery.blockui.min.js]
[www.einfosoft.com/templates/admin/spice/source/assets/plugins/jquery-slimscroll/jquery.slimscroll.min.js]
[www.einfosoft.com/templates/admin/spice/source/assets/plugins/bootstrap/js/bootstrap.min.js]
[www.einfosoft.com/templates/admin/spice/source/assets/plugins/sparkline/jquery.sparkline.min.js]
[www.einfosoft.com/templates/admin/spice/source/assets/js/pages/sparkline/sparkline-data.js]
[www.einfosoft.com/templates/admin/spice/source/assets/js/app.js]
[www.einfosoft.com/templates/admin/spice/source/assets/js/layout.js]
[www.einfosoft.com/templates/admin/spice/source/assets/js/theme-color.js]
[www.einfosoft.com/templates/admin/spice/source/assets/plugins/material/material.min.js]
[www.einfosoft.com/templates/admin/spice/source/assets/js/pages/ui/animations.js]
[www.einfosoft.com/templates/admin/spice/source/assets/plugins/morris/morris.min.js]
[www.einfosoft.com/templates/admin/spice/source/assets/plugins/morris/raphael-min.js]
[www.einfosoft.com/templates/admin/spice/source/assets/js/pages/chart/morris/morris_home_data.js]
[www.einfosoft.com/templates/admin/spice/source/index.html]
[www.einfosoft.com/templates/admin/spice/source/assets/plugins/simple-line-icons/fonts/Simple-Line-Iconsb26c.eot]
[www.einfosoft.com/templates/admin/spice/source/assets/plugins/simple-line-icons/fonts/Simple-Line-Iconsb26c.woff2]
[www.einfosoft.com/templates/admin/spice/source/assets/plugins/simple-line-icons/fonts/Simple-Line-Iconsb26c.ttf]
[www.einfosoft.com/templates/admin/spice/source/assets/plugins/simple-line-icons/fonts/Simple-Line-Iconsb26c.woff]
[www.einfosoft.com/templates/admin/spice/source/assets/plugins/simple-line-icons/simple-line-icons.min.css]
[www.einfosoft.com/templates/admin/spice/source/assets/plugins/font-awesome/fonts/fontawesome-webfont3e6e.eot]
[www.einfosoft.com/templates/admin/spice/source/assets/plugins/simple-line-icons/fonts/Simple-Line-Iconsb26c.svg]
[www.einfosoft.com/templates/admin/spice/source/assets/plugins/font-awesome/fonts/fontawesome-webfontd41d.eot]
[www.einfosoft.com/templates/admin/spice/source/assets/plugins/font-awesome/fonts/fontawesome-webfont3e6e.woff2]
[www.einfosoft.com/templates/admin/spice/source/assets/plugins/font-awesome/fonts/fontawesome-webfont3e6e.woff]
[www.einfosoft.com/templates/admin/spice/source/assets/plugins/font-awesome/fonts/fontawesome-webfont3e6e.ttf]
[www.einfosoft.com/templates/admin/spice/source/assets/plugins/font-awesome/css/font-awesome.min.css]
[www.einfosoft.com/templates/admin/spice/source/assets/plugins/bootstrap/css/bootstrap.min.css]
[www.einfosoft.com/templates/admin/spice/source/assets/plugins/font-awesome/fonts/fontawesome-webfont3e6e.svg]
[www.einfosoft.com/templates/admin/spice/source/assets/plugins/summernote/font/summernote291f.eot]
[www.einfosoft.com/templates/admin/spice/source/assets/plugins/summernote/font/summernoted41d.eot]
[www.einfosoft.com/templates/admin/spice/source/assets/plugins/summernote/font/summernote291f.woff]
[www.einfosoft.com/templates/admin/spice/source/assets/plugins/summernote/font/summernote291f.ttf]
[www.einfosoft.com/templates/admin/spice/source/assets/plugins/summernote/summernote.css]
[www.einfosoft.com/templates/admin/spice/source/assets/plugins/morris/morris.css]
[www.einfosoft.com/templates/admin/spice/source/assets/plugins/material/material.min.css]
[www.einfosoft.com/templates/admin/spice/source/assets/plugins/material-icons/iconfont/MaterialIcons-Regular.eot]
[www.einfosoft.com/templates/admin/spice/source/assets/plugins/material-icons/iconfont/MaterialIcons-Regular.woff2]
[www.einfosoft.com/templates/admin/spice/source/assets/plugins/material-icons/iconfont/MaterialIcons-Regular.woff]
[www.einfosoft.com/templates/admin/spice/source/assets/plugins/material-icons/iconfont/MaterialIcons-Regular.ttf]
[www.einfosoft.com/templates/admin/spice/source/assets/css/material_style.css]
[www.einfosoft.com/templates/admin/spice/source/assets/css/pages/animate_page.css]
[www.einfosoft.com/templates/admin/spice/source/assets/img/datatable-row-openclose.png]
[www.einfosoft.com/templates/admin/spice/source/assets/css/plugins.min.css]
[www.einfosoft.com/templates/admin/spice/source/fonts/poppins/poppins-v5-latin-regular.eot]
[www.einfosoft.com/templates/admin/spice/source/fonts/poppins/poppins-v5-latin-regulard41d.eot]
[www.einfosoft.com/templates/admin/spice/source/fonts/poppins/poppins-v5-latin-regular.woff2]
[www.einfosoft.com/templates/admin/spice/source/fonts/poppins/poppins-v5-latin-regular.woff]
[www.einfosoft.com/templates/admin/spice/source/fonts/poppins/poppins-v5-latin-regular.ttf]
[www.einfosoft.com/templates/admin/spice/source/assets/css/style.css]
[www.einfosoft.com/templates/admin/spice/source/assets/css/responsive.css]
[www.einfosoft.com/templates/admin/spice/source/assets/css/theme-color.css]
[www.einfosoft.com/templates/admin/spice/source/fonts/poppins/poppins-v5-latin-regular.svg]
[www.einfosoft.com/templates/admin/spice/source/assets/img/mega-img1.jpg]
[www.einfosoft.com/templates/admin/spice/source/assets/img/mega-img2.jpg]
[www.einfosoft.com/templates/admin/spice/source/assets/img/mega-img3.jpg]
[www.einfosoft.com/templates/admin/spice/source/assets/img/slider/fullimage1.jpg]
[www.einfosoft.com/templates/admin/spice/source/assets/img/slider/fullimage2.jpg]
[www.einfosoft.com/templates/admin/spice/source/assets/img/slider/fullimage3.jpg]
[www.einfosoft.com/templates/admin/spice/source/user_profile.html]
[www.einfosoft.com/templates/admin/spice/source/assets/plugins/iconic/css/material-design-iconic-font.min.css]
[www.einfosoft.com/templates/admin/spice/source/assets/css/pages/extra_pages.css]
[www.einfosoft.com/templates/admin/spice/source/assets/js/pages/extra_pages/login.js]
[www.einfosoft.com/templates/admin/spice/source/lock_screen.html]
[www.einfosoft.com/templates/admin/spice/source/login.html]
[www.einfosoft.com/templates/admin/spice/source/assets/css/pages/inbox.min.css]
[www.einfosoft.com/templates/admin/spice/source/email_inbox.html]
[www.einfosoft.com/templates/admin/spice/source/chat.html]
[www.einfosoft.com/templates/admin/spice/source/assets/plugins/counterup/jquery.waypoints.min.js]
[www.einfosoft.com/templates/admin/spice/source/assets/plugins/counterup/jquery.counterup.min.js]
[www.einfosoft.com/templates/admin/spice/source/assets/plugins/chart-js/utils.js]
[www.einfosoft.com/templates/admin/spice/source/assets/js/pages/chart/chartjs/home-data2.js]
[www.einfosoft.com/templates/admin/spice/source/dashboard2.html]
[www.einfosoft.com/templates/admin/spice/source/email_view.html]
[www.einfosoft.com/templates/admin/spice/source/assets/plugins/chart-js/Chart.bundle.js]
[www.einfosoft.com/templates/admin/spice/source/assets/plugins/jquery-file-upload/blueimp-gallery/blueimp-gallery.min.css]
[www.einfosoft.com/templates/admin/spice/source/assets/plugins/jquery-file-upload/css/jquery.fileupload.css]
[www.einfosoft.com/templates/admin/spice/source/assets/plugins/jquery-file-upload/css/jquery.fileupload-ui.css]
[www.einfosoft.com/templates/admin/spice/source/assets/plugins/summernote/summernote.min.js]
[www.einfosoft.com/templates/admin/spice/source/email_compose.html]
[www.einfosoft.com/templates/admin/spice/source/assets/plugins/dropzone/dropzone.css]
[www.einfosoft.com/templates/admin/spice/source/assets/plugins/flatpicker/flatpickr.min.css]
[www.einfosoft.com/templates/admin/spice/source/assets/js/pages/material_select/getmdl-select.js]
[www.einfosoft.com/templates/admin/spice/source/assets/plugins/dropzone/dropzone.js]
[www.einfosoft.com/templates/admin/spice/source/assets/plugins/dropzone/dropzone-call.js]
[www.einfosoft.com/templates/admin/spice/source/assets/plugins/flatpicker/flatpickr.min.js]
[www.einfosoft.com/templates/admin/spice/source/assets/js/pages/datetime/datetime-data.js]
[www.einfosoft.com/templates/admin/spice/source/new_booking.html]
[www.einfosoft.com/templates/admin/spice/source/assets/plugins/datatables/plugins/bootstrap/dataTables.bootstrap4.min.css]
[www.einfosoft.com/templates/admin/spice/source/assets/plugins/datatables/jquery.dataTables.min.js]
[www.einfosoft.com/templates/admin/spice/source/assets/plugins/datatables/plugins/bootstrap/dataTables.bootstrap4.min.js]
[www.einfosoft.com/templates/admin/spice/source/view_booking.html]
[www.einfosoft.com/templates/admin/spice/source/edit_booking.html]
[www.einfosoft.com/templates/admin/spice/source/assets/js/pages/table/table_data.js]
[www.einfosoft.com/templates/admin/spice/source/add_room.html]
[www.einfosoft.com/templates/admin/spice/source/all_rooms.html]
[www.einfosoft.com/templates/admin/spice/source/edit_room.html]
[www.einfosoft.com/templates/admin/spice/source/add_staff.html]
[www.einfosoft.com/templates/admin/spice/source/assets/img/user/usrbig1.jpg]
[www.einfosoft.com/templates/admin/spice/source/staff_profile.html]
[www.einfosoft.com/templates/admin/spice/source/assets/img/user/usrbig2.jpg]
[www.einfosoft.com/templates/admin/spice/source/assets/img/user/usrbig3.jpg]
[www.einfosoft.com/templates/admin/spice/source/assets/img/user/usrbig4.jpg]
[www.einfosoft.com/templates/admin/spice/source/assets/img/user/usrbig5.jpg]
[www.einfosoft.com/templates/admin/spice/source/assets/img/user/usrbig6.jpg]
[www.einfosoft.com/templates/admin/spice/source/assets/img/user/usrbig7.jpg]
[www.einfosoft.com/templates/admin/spice/source/assets/img/user/usrbig8.jpg]
[www.einfosoft.com/templates/admin/spice/source/all_staffs.html]
[www.einfosoft.com/templates/admin/spice/source/edit_staff.html]
[www.einfosoft.com/templates/admin/spice/source/add_vehicle.html]
[www.einfosoft.com/templates/admin/spice/source/assets/img/vehicle/v1.jpg]
[www.einfosoft.com/templates/admin/spice/source/assets/img/vehicle/v2.jpg]
[www.einfosoft.com/templates/admin/spice/source/assets/img/vehicle/v3.jpg]
[www.einfosoft.com/templates/admin/spice/source/assets/img/vehicle/v4.jpg]
[www.einfosoft.com/templates/admin/spice/source/assets/img/vehicle/v5.jpg]
[www.einfosoft.com/templates/admin/spice/source/assets/img/vehicle/v6.jpg]
[www.einfosoft.com/templates/admin/spice/source/all_vehicles.html]
[www.einfosoft.com/templates/admin/spice/source/edit_vehicle.html]
[www.einfosoft.com/templates/admin/spice/source/layout_boxed.html]
[www.einfosoft.com/templates/admin/spice/source/icons.html]
[www.einfosoft.com/templates/admin/spice/source/layout_full_width.html]
[www.einfosoft.com/templates/admin/spice/source/layout_collapse.html]
[www.einfosoft.com/templates/admin/spice/source/layout_right_sidebar.html]
[www.einfosoft.com/templates/admin/spice/source/layout_sidebar_hover_menu.html]
[www.einfosoft.com/templates/admin/spice/source/layout_mega_menu.html]
[www.einfosoft.com/templates/admin/spice/source/contact_list.html]
[www.einfosoft.com/templates/admin/spice/source/contact_grid.html]
[www.einfosoft.com/templates/admin/spice/source/assets/plugins/light-gallery/css/lightgallery.css]
[www.einfosoft.com/templates/admin/spice/source/assets/img/image-gallery/1.jpg]
[www.einfosoft.com/templates/admin/spice/source/assets/img/image-gallery/thumb/thumb-1.jpg]
[www.einfosoft.com/templates/admin/spice/source/assets/img/image-gallery/2.jpg]
[www.einfosoft.com/templates/admin/spice/source/assets/img/image-gallery/thumb/thumb-2.jpg]
[www.einfosoft.com/templates/admin/spice/source/assets/img/image-gallery/3.jpg]
[www.einfosoft.com/templates/admin/spice/source/assets/img/image-gallery/thumb/thumb-3.jpg]
[www.einfosoft.com/templates/admin/spice/source/assets/img/image-gallery/4.jpg]
[www.einfosoft.com/templates/admin/spice/source/assets/img/image-gallery/thumb/thumb-4.jpg]
[www.einfosoft.com/templates/admin/spice/source/assets/img/image-gallery/5.jpg]
[www.einfosoft.com/templates/admin/spice/source/assets/img/image-gallery/thumb/thumb-5.jpg]
[www.einfosoft.com/templates/admin/spice/source/assets/img/image-gallery/6.jpg]
[www.einfosoft.com/templates/admin/spice/source/assets/img/image-gallery/thumb/thumb-6.jpg]
[www.einfosoft.com/templates/admin/spice/source/assets/img/image-gallery/7.jpg]
[www.einfosoft.com/templates/admin/spice/source/assets/img/image-gallery/thumb/thumb-7.jpg]
[www.einfosoft.com/templates/admin/spice/source/assets/img/image-gallery/8.jpg]
[www.einfosoft.com/templates/admin/spice/source/assets/img/image-gallery/thumb/thumb-8.jpg]
[www.einfosoft.com/templates/admin/spice/source/assets/img/image-gallery/9.jpg]
[www.einfosoft.com/templates/admin/spice/source/assets/img/image-gallery/thumb/thumb-9.jpg]
[www.einfosoft.com/templates/admin/spice/source/assets/img/image-gallery/10.jpg]
[www.einfosoft.com/templates/admin/spice/source/assets/img/image-gallery/thumb/thumb-10.jpg]
[www.einfosoft.com/templates/admin/spice/source/assets/img/image-gallery/11.jpg]
[www.einfosoft.com/templates/admin/spice/source/assets/img/image-gallery/thumb/thumb-11.jpg]
[www.einfosoft.com/templates/admin/spice/source/assets/img/image-gallery/12.jpg]
[www.einfosoft.com/templates/admin/spice/source/assets/img/image-gallery/thumb/thumb-12.jpg]
[www.einfosoft.com/templates/admin/spice/source/assets/img/image-gallery/13.jpg]
[www.einfosoft.com/templates/admin/spice/source/assets/img/image-gallery/thumb/thumb-13.jpg]
[www.einfosoft.com/templates/admin/spice/source/assets/img/image-gallery/14.jpg]
[www.einfosoft.com/templates/admin/spice/source/assets/img/image-gallery/thumb/thumb-14.jpg]
[www.einfosoft.com/templates/admin/spice/source/assets/img/image-gallery/15.jpg]
[www.einfosoft.com/templates/admin/spice/source/assets/img/image-gallery/thumb/thumb-15.jpg]
[www.einfosoft.com/templates/admin/spice/source/assets/plugins/light-gallery/js/lightgallery-all.js]
[www.einfosoft.com/templates/admin/spice/source/gallery.html]
[www.einfosoft.com/templates/admin/spice/source/support.html]
[www.einfosoft.com/templates/admin/spice/source/assets/plugins/fullcalendar/fullcalendar.css]
[www.einfosoft.com/templates/admin/spice/source/assets/plugins/jquery-ui/jquery-ui.min.js]
[www.einfosoft.com/templates/admin/spice/source/assets/plugins/moment/moment.min.js]
[www.einfosoft.com/templates/admin/spice/source/assets/plugins/fullcalendar/fullcalendar.min.js]
[www.einfosoft.com/templates/admin/spice/source/calendar.html]
[www.einfosoft.com/templates/admin/spice/source/assets/js/pages/calendar/calendar.min.js]
[www.einfosoft.com/templates/admin/spice/source/assets/plugins/owl-carousel/owl.carousel.css]
[www.einfosoft.com/templates/admin/spice/source/assets/plugins/owl-carousel/owl.theme.css]
[www.einfosoft.com/templates/admin/spice/source/assets/img/slider/slider1.jpg]
[www.einfosoft.com/templates/admin/spice/source/assets/img/slider/slider2.jpg]
[www.einfosoft.com/templates/admin/spice/source/assets/img/slider/slider3.jpg]
[www.einfosoft.com/templates/admin/spice/source/assets/img/blog/blog1.jpg]
[www.einfosoft.com/templates/admin/spice/source/assets/img/blog/blog2.jpg]
[www.einfosoft.com/templates/admin/spice/source/assets/img/blog/blog3.jpg]
[www.einfosoft.com/templates/admin/spice/source/assets/img/blog/blog4.jpg]
[www.einfosoft.com/templates/admin/spice/source/assets/plugins/owl-carousel/owl.carousel.js]
[www.einfosoft.com/templates/admin/spice/source/assets/js/pages/owl-carousel/owl_data.js]
[www.einfosoft.com/templates/admin/spice/source/widget.html]
[www.einfosoft.com/templates/admin/spice/source/buttons.html]
[www.einfosoft.com/templates/admin/spice/source/alert.html]
[www.einfosoft.com/templates/admin/spice/source/tabs_accordions_navs.html]
[www.einfosoft.com/templates/admin/spice/source/assets/plugins/bootstrap-tabdrop/js/bootstrap-tabdrop.js]
[www.einfosoft.com/templates/admin/spice/source/assets/css/pages/typography.css]
[www.einfosoft.com/templates/admin/spice/source/typography.html]
[www.einfosoft.com/templates/admin/spice/source/assets/plugins/jquery-toast/dist/jquery.toast.min.css]
[www.einfosoft.com/templates/admin/spice/source/assets/plugins/jquery-toast/dist/jquery.toast.min.js]
[www.einfosoft.com/templates/admin/spice/source/notification.html]
[www.einfosoft.com/templates/admin/spice/source/assets/plugins/jquery-toast/dist/toast.js]
[www.einfosoft.com/templates/admin/spice/source/assets/plugins/sweet-alert/sweetalert.min.css]
[www.einfosoft.com/templates/admin/spice/source/assets/plugins/sweet-alert/sweetalert.min.js]
[www.einfosoft.com/templates/admin/spice/source/sweet_alert.html]
[www.einfosoft.com/templates/admin/spice/source/assets/js/pages/sweet-alert/sweet-alert-data.js]
[www.einfosoft.com/templates/admin/spice/source/panels.html]
[www.einfosoft.com/templates/admin/spice/source/grid.html]
[www.einfosoft.com/templates/admin/spice/source/assets/plugins/bootstrap-treeview/bootstrap-treeview.js]
[www.einfosoft.com/templates/admin/spice/source/tree.html]
[www.einfosoft.com/templates/admin/spice/source/assets/js/pages/treeview/treeview-data.js]
[www.einfosoft.com/templates/admin/spice/source/assets/img/slider/owl1.jpg]
[www.einfosoft.com/templates/admin/spice/source/assets/img/slider/owl2.jpg]
[www.einfosoft.com/templates/admin/spice/source/assets/img/slider/owl3.jpg]
[www.einfosoft.com/templates/admin/spice/source/assets/img/slider/owl4.jpg]
[www.einfosoft.com/templates/admin/spice/source/assets/img/slider/owl5.jpg]
[www.einfosoft.com/templates/admin/spice/source/assets/img/slider/owl6.jpg]
[www.einfosoft.com/templates/admin/spice/source/assets/img/slider/owl7.jpg]
[www.einfosoft.com/templates/admin/spice/source/assets/img/slider/owl8.jpg]
[www.einfosoft.com/templates/admin/spice/source/carousel.html]
[www.einfosoft.com/templates/admin/spice/source/animation.html]
[www.einfosoft.com/templates/admin/spice/source/material_button.html]
[www.einfosoft.com/templates/admin/spice/source/material_tab.html]
[www.einfosoft.com/templates/admin/spice/source/material_chips.html]
[www.einfosoft.com/templates/admin/spice/source/material_grid.html]
[www.einfosoft.com/templates/admin/spice/source/material_form.html]
[www.einfosoft.com/templates/admin/spice/source/material_datepicker.html]
[www.einfosoft.com/templates/admin/spice/source/material_select.html]
[www.einfosoft.com/templates/admin/spice/source/assets/js/pages/material-loading/material-loading.js]
[www.einfosoft.com/templates/admin/spice/source/material_loading.html]
[www.einfosoft.com/templates/admin/spice/source/material_menu.html]
[www.einfosoft.com/templates/admin/spice/source/material_slider.html]
[www.einfosoft.com/templates/admin/spice/source/material_tables.html]
[www.einfosoft.com/templates/admin/spice/source/material_toggle.html]
[www.einfosoft.com/templates/admin/spice/source/material_badges.html]
[www.einfosoft.com/templates/admin/spice/source/assets/css/pages/formlayout.css]
[www.einfosoft.com/templates/admin/spice/source/layouts_form.html]
[www.einfosoft.com/templates/admin/spice/source/assets/plugins/bootstrap-datetimepicker/css/bootstrap-datetimepicker.min.css]
[www.einfosoft.com/templates/admin/spice/source/assets/plugins/bootstrap-colorpicker/css/bootstrap-colorpicker.css]
[www.einfosoft.com/templates/admin/spice/source/assets/plugins/jquery-tags-input/jquery-tags-input.css]
[www.einfosoft.com/templates/admin/spice/source/assets/plugins/select2/css/select2.css]
[www.einfosoft.com/templates/admin/spice/source/assets/plugins/select2/css/select2-bootstrap.min.css]
[www.einfosoft.com/templates/admin/spice/source/assets/plugins/bootstrap-inputmask/bootstrap-inputmask.min.js]
[www.einfosoft.com/templates/admin/spice/source/assets/plugins/bootstrap-colorpicker/js/bootstrap-colorpicker.js]
[www.einfosoft.com/templates/admin/spice/source/assets/plugins/bootstrap-datetimepicker/js/bootstrap-datetimepicker.js]
[www.einfosoft.com/templates/admin/spice/source/assets/plugins/bootstrap-datetimepicker/js/bootstrap-datetimepicker-init.js]
[www.einfosoft.com/templates/admin/spice/source/assets/plugins/jquery-tags-input/jquery-tags-input.js]
[www.einfosoft.com/templates/admin/spice/source/assets/plugins/jquery-tags-input/jquery-tags-input-init.js]
[www.einfosoft.com/templates/admin/spice/source/assets/plugins/select2/js/select2.js]
[www.einfosoft.com/templates/admin/spice/source/assets/js/pages/select2/select2-init.js]
[www.einfosoft.com/templates/admin/spice/source/advance_form.html]
[www.einfosoft.com/templates/admin/spice/source/assets/plugins/bootstrap-datepicker/css/bootstrap-datepicker3.min.css]
[www.einfosoft.com/templates/admin/spice/source/assets/plugins/jquery-validation/js/jquery.validate.min.js]
[www.einfosoft.com/templates/admin/spice/source/assets/plugins/jquery-validation/js/additional-methods.min.js]
[www.einfosoft.com/templates/admin/spice/source/assets/plugins/bootstrap-datepicker/js/bootstrap-datepicker.min.js]
[www.einfosoft.com/templates/admin/spice/source/validation_form.html]
[www.einfosoft.com/templates/admin/spice/source/assets/js/pages/validation/form-validation.js]
[www.einfosoft.com/templates/admin/spice/source/assets/css/pages/steps.css]
[www.einfosoft.com/templates/admin/spice/source/assets/plugins/steps/jquery.steps.js]
[www.einfosoft.com/templates/admin/spice/source/assets/js/pages/steps/steps-data.js]
[www.einfosoft.com/templates/admin/spice/source/steps.html]
[www.einfosoft.com/templates/admin/spice/source/file_upload.html]
[www.einfosoft.com/templates/admin/spice/source/assets/plugins/bootstrap-editable/bootstrap-editable/css/bootstrap-editable.css]
[www.einfosoft.com/templates/admin/spice/source/editable_form.html]
[www.einfosoft.com/templates/admin/spice/source/basic_table.html]
[www.einfosoft.com/templates/admin/spice/source/advanced_table.html]
[www.einfosoft.com/templates/admin/spice/source/assets/plugins/datatables/editabletable.js]
[www.einfosoft.com/templates/admin/spice/source/editable_table.html]
[www.einfosoft.com/templates/admin/spice/source/group_table.html]
[www.einfosoft.com/templates/admin/spice/source/table_data.html]
[www.einfosoft.com/templates/admin/spice/source/charts_echarts.html]
[www.einfosoft.com/templates/admin/spice/source/assets/js/pages/chart/echart/echart-data.js]
[www.einfosoft.com/templates/admin/spice/source/assets/plugins/echarts/echarts.js]
[www.einfosoft.com/templates/admin/spice/source/charts_morris.html]
[www.einfosoft.com/templates/admin/spice/source/assets/js/pages/chart/morris/morris_chart_data.js]
[www.einfosoft.com/templates/admin/spice/source/charts_chartjs.html]
[www.einfosoft.com/templates/admin/spice/source/assets/js/pages/chart/chartjs/chartjs-data.js]
[www.einfosoft.com/templates/admin/spice/source/assets/plugins/gmaps/gmaps.min.js]
[www.einfosoft.com/templates/admin/spice/source/google_maps.html]
[www.einfosoft.com/templates/admin/spice/source/assets/js/pages/map/google-maps-data.js]
[www.einfosoft.com/templates/admin/spice/source/assets/plugins/jqvmap/jqvmap.css]
[www.einfosoft.com/templates/admin/spice/source/assets/plugins/jqvmap/jquery.vmap.js]
[www.einfosoft.com/templates/admin/spice/source/assets/plugins/jqvmap/maps/jquery.vmap.russia.js]
[www.einfosoft.com/templates/admin/spice/source/assets/plugins/jqvmap/maps/jquery.vmap.world.js]
[www.einfosoft.com/templates/admin/spice/source/assets/plugins/jqvmap/maps/jquery.vmap.europe.js]
[www.einfosoft.com/templates/admin/spice/source/assets/plugins/jqvmap/maps/jquery.vmap.germany.js]
[www.einfosoft.com/templates/admin/spice/source/assets/plugins/jqvmap/maps/jquery.vmap.usa.js]
[www.einfosoft.com/templates/admin/spice/source/assets/plugins/jqvmap/data/jquery.vmap.sampledata.js]
[www.einfosoft.com/templates/admin/spice/source/assets/js/pages/map/vector-data.js]
[www.einfosoft.com/templates/admin/spice/source/vector_maps.html]
[www.einfosoft.com/templates/admin/spice/source/fontawesome_icons.html]
[www.einfosoft.com/templates/admin/spice/source/simpleline_icons.html]
[www.einfosoft.com/templates/admin/spice/source/material_icons.html]
[www.einfosoft.com/templates/admin/spice/source/assets/css/pages/timeline.css]
[www.einfosoft.com/templates/admin/spice/source/assets/js/pages/timeline/timeline.js]
[www.einfosoft.com/templates/admin/spice/source/assets/plugins/modernizr/modernizr.min.js]
[www.einfosoft.com/templates/admin/spice/source/timeline.html]
[www.einfosoft.com/templates/admin/spice/source/sign_up.html]
[www.einfosoft.com/templates/admin/spice/source/assets/css/pages/pricing.css]
[www.einfosoft.com/templates/admin/spice/source/pricing.html]
[www.einfosoft.com/templates/admin/spice/source/contactus.html]
[www.einfosoft.com/templates/admin/spice/source/assets/img/invoice_logo.png]
[www.einfosoft.com/templates/admin/spice/source/invoice.html]
[www.einfosoft.com/templates/admin/spice/source/faq.html]
[www.einfosoft.com/templates/admin/spice/source/page-404.html]
[www.einfosoft.com/templates/admin/spice/source/page-500.html]
[www.einfosoft.com/templates/admin/spice/source/blank_page.html]
[www.einfosoft.com/templates/admin/spice/source/assets/plugins/jquery/jquery.min.js]
[www.einfosoft.com/templates/admin/spice/source/assets/plugins/popper/popper.min.js]
[www.einfosoft.com/templates/admin/spice/source/assets/plugins/jquery-blockui/jquery.blockui.min.js]
[www.einfosoft.com/templates/admin/spice/source/assets/plugins/jquery-slimscroll/jquery.slimscroll.min.js]
[www.einfosoft.com/templates/admin/spice/source/popper.js]
[www.einfosoft.com/templates/admin/spice/source/assets/plugins/bootstrap/js/bootstrap.min.js]
[www.einfosoft.com/templates/admin/spice/source/assets/plugins/sparkline/jquery.sparkline.min.js]
[www.einfosoft.com/templates/admin/spice/source/assets/js/pages/sparkline/sparkline-data.js]
[www.einfosoft.com/templates/admin/spice/source/assets/js/app.js]
[www.einfosoft.com/templates/admin/spice/source/assets/js/layout.js]
[www.einfosoft.com/templates/admin/spice/source/assets/js/theme-color.js]
[www.einfosoft.com/templates/admin/spice/source/assets/plugins/material/material.min.js]
[www.einfosoft.com/templates/admin/spice/source/assets/js/pages/ui/animations.js]
[www.einfosoft.com/templates/admin/spice/source/assets/plugins/morris/morris.min.js]
[www.einfosoft.com/templates/admin/spice/source/assets/plugins/morris/raphael-min.js]
[www.einfosoft.com/templates/admin/spice/source/assets/js/pages/chart/morris/morris_home_data.js]
[www.einfosoft.com/templates/admin/spice/source/assets/plugins/simple-line-icons/fonts/Simple-Line-Iconsb26c.svg]
[www.einfosoft.com/templates/admin/spice/source/img/index.html]
[www.einfosoft.com/templates/admin/spice/source/assets/plugins/font-awesome/fonts/fontawesome-webfont3e6e.svg]
[www.einfosoft.com/templates/admin/spice/source/assets/img/datatable-row-openclose.html]
[www.einfosoft.com/templates/admin/spice/source/fonts/poppins/poppins-v5-latin-regular.svg]
[www.einfosoft.com/templates/admin/spice/source/global/plugins/index.html]
[www.einfosoft.com/templates/admin/spice/source/css/index.html]
[www.einfosoft.com/templates/admin/spice/source/assets/plugins/iconic/fonts/Material-Design-Iconic-Fontd1f1.woff2]
[www.einfosoft.com/templates/admin/spice/source/assets/plugins/iconic/fonts/Material-Design-Iconic-Fontd1f1.woff]
[www.einfosoft.com/templates/admin/spice/source/assets/plugins/iconic/fonts/Material-Design-Iconic-Fontd1f1.ttf]
[www.einfosoft.com/templates/admin/spice/source/assets/plugins/iconic/css/material-design-iconic-font.min.css]
[www.einfosoft.com/templates/admin/spice/source/assets/img/bg-01.jpg]
[www.einfosoft.com/templates/admin/spice/source/assets/css/pages/extra_pages.css]
[www.einfosoft.com/templates/admin/spice/source/assets/js/pages/extra_pages/login.js]
[www.einfosoft.com/templates/admin/spice/source/assets/css/pages/inbox.min.css]
[www.einfosoft.com/templates/admin/spice/source/assets/plugins/counterup/jquery.waypoints.min.js]
[www.einfosoft.com/templates/admin/spice/source/assets/plugins/counterup/jquery.counterup.min.js]
[www.einfosoft.com/templates/admin/spice/source/assets/plugins/chart-js/Chart.bundle.js]
[www.google-analytics.com/analytics.js]
[www.einfosoft.com/templates/admin/spice/source/assets/plugins/chart-js/utils.js]
[www.einfosoft.com/templates/admin/spice/source/assets/js/pages/chart/chartjs/home-data2.js]
[www.einfosoft.com/templates/admin/spice/source/isDSTShifted is deprecated. See http_/momentjs.com/guides/index.html]
[www.einfosoft.com/templates/admin/spice/source/assets/plugins/jquery-file-upload/img/loading.gif]
[www.einfosoft.com/templates/admin/spice/source/assets/plugins/jquery-file-upload/img/error.png]
[www.einfosoft.com/templates/admin/spice/source/assets/plugins/jquery-file-upload/img/play-pause.png]
[www.einfosoft.com/templates/admin/spice/source/assets/plugins/jquery-file-upload/img/error.svg]
[www.einfosoft.com/templates/admin/spice/source/assets/plugins/jquery-file-upload/img/play-pause.svg]
[www.einfosoft.com/templates/admin/spice/source/assets/plugins/jquery-file-upload/img/video-play.png]
[www.einfosoft.com/templates/admin/spice/source/assets/plugins/jquery-file-upload/img/video-play.svg]
[www.einfosoft.com/templates/admin/spice/source/assets/plugins/jquery-file-upload/blueimp-gallery/blueimp-gallery.min.css]
[www.einfosoft.com/templates/admin/spice/source/assets/plugins/jquery-file-upload/css/jquery.fileupload.css]
[www.einfosoft.com/templates/admin/spice/source/assets/plugins/jquery-file-upload/img/progressbar.gif]
[www.einfosoft.com/templates/admin/spice/source/assets/plugins/jquery-file-upload/css/jquery.fileupload-ui.css]
[www.einfosoft.com/templates/admin/spice/source/clipboard.png]
[www.einfosoft.com/templates/admin/spice/source/assets/plugins/summernote/summernote.min.js]
[www.einfosoft.com/templates/admin/spice/source/assets/js/pages/summernote/summernote-data.js]
[www.einfosoft.com/templates/admin/spice/source/assets/plugins/dropzone/dropzone.css]
[www.einfosoft.com/templates/admin/spice/source/assets/plugins/flatpicker/flatpickr.min.css]
[www.einfosoft.com/templates/admin/spice/source/assets/js/pages/material_select/getmdl-select.js]
[www.einfosoft.com/templates/admin/spice/source/assets/plugins/dropzone/dropzone.js]
[www.einfosoft.com/templates/admin/spice/source/assets/plugins/dropzone/dropzone-call.js]
[www.einfosoft.com/templates/admin/spice/source/assets/plugins/flatpicker/flatpickr.min.js]
[www.einfosoft.com/templates/admin/spice/source/assets/js/pages/datetime/datetime-data.js]
[www.einfosoft.com/templates/admin/spice/source/assets/plugins/datatables/plugins/bootstrap/dataTables.bootstrap4.min.css]
[www.einfosoft.com/templates/admin/spice/source/assets/plugins/datatables/jquery.dataTables.min.js]
[www.einfosoft.com/templates/admin/spice/source/assets/plugins/datatables/plugins/bootstrap/dataTables.bootstrap4.min.js]
[www.einfosoft.com/templates/admin/spice/source/assets/js/pages/table/table_data.js]
[www.einfosoft.com/templates/admin/spice/source/staff_profile.html]
[www.einfosoft.com/templates/admin/spice/source/image/index.html]
[www.einfosoft.com/templates/admin/spice/source/icons.html]
[www.einfosoft.com/templates/admin/spice/source/assets/img/user/usrbig9.jpg]
[www.einfosoft.com/templates/admin/spice/source/assets/plugins/light-gallery/fonts/lg.eot]
[www.einfosoft.com/templates/admin/spice/source/assets/plugins/light-gallery/fonts/lgd41d.eot]
[www.einfosoft.com/templates/admin/spice/source/assets/plugins/light-gallery/fonts/lg.woff]
[www.einfosoft.com/templates/admin/spice/source/assets/plugins/light-gallery/fonts/lg.ttf]
[www.einfosoft.com/templates/admin/spice/source/assets/plugins/light-gallery/fonts/lg.svg]
[www.einfosoft.com/templates/admin/spice/source/assets/plugins/light-gallery/img/vimeo-play.png]
[www.einfosoft.com/templates/admin/spice/source/assets/plugins/light-gallery/img/video-play.png]
[www.einfosoft.com/templates/admin/spice/source/assets/plugins/light-gallery/img/youtube-play.png]
[www.einfosoft.com/templates/admin/spice/source/assets/plugins/light-gallery/img/loading.gif]
[www.einfosoft.com/templates/admin/spice/source/assets/plugins/light-gallery/css/lightgallery.css]
[www.einfosoft.com/templates/admin/spice/source/assets/plugins/light-gallery/js/lightgallery-all.js]
[www.einfosoft.com/templates/admin/spice/source/assets/plugins/light-gallery/js/image-gallery.js]
[www.einfosoft.com/templates/admin/spice/source/assets/plugins/fullcalendar/fullcalendar.css]
[www.einfosoft.com/templates/admin/spice/source/assets/plugins/jquery-ui/jquery-ui.min.js]
[www.einfosoft.com/templates/admin/spice/source/assets/plugins/moment/moment.min.js]
[www.einfosoft.com/templates/admin/spice/source/assets/plugins/fullcalendar/fullcalendar.min.js]
[www.einfosoft.com/templates/admin/spice/source/assets/js/pages/calendar/calendar.min.js]
[www.einfosoft.com/templates/admin/spice/source/assets/plugins/owl-carousel/grabbing.png]
[www.einfosoft.com/templates/admin/spice/source/assets/plugins/owl-carousel/owl.carousel.css]
[www.einfosoft.com/templates/admin/spice/source/assets/plugins/owl-carousel/AjaxLoader.gif]
[www.einfosoft.com/templates/admin/spice/source/assets/plugins/owl-carousel/owl.theme.css]
[www.einfosoft.com/templates/admin/spice/source/assets/plugins/owl-carousel/owl.carousel.js]
[www.einfosoft.com/templates/admin/spice/source/assets/js/pages/owl-carousel/owl_data.js]
[www.einfosoft.com/templates/admin/spice/source/assets/plugins/bootstrap-tabdrop/js/bootstrap-tabdrop.js]
[www.einfosoft.com/templates/admin/spice/source/assets/css/pages/typography.css]
[www.einfosoft.com/templates/admin/spice/source/assets/plugins/jquery-toast/dist/jquery.toast.min.css]
[www.einfosoft.com/templates/admin/spice/source/assets/plugins/jquery-toast/dist/jquery.toast.min.js]
[www.einfosoft.com/templates/admin/spice/source/assets/plugins/jquery-toast/dist/toast.js]
[www.einfosoft.com/templates/admin/spice/source/assets/plugins/sweet-alert/sweetalert.min.css]
[www.einfosoft.com/templates/admin/spice/source/assets/plugins/sweet-alert/sweetalert.min.js]
[www.einfosoft.com/templates/admin/spice/source/assets/js/pages/sweet-alert/sweet-alert-data.js]
[www.einfosoft.com/templates/admin/spice/source/assets/plugins/bootstrap-treeview/bootstrap-treeview.js]
[www.einfosoft.com/templates/admin/spice/source/assets/js/pages/treeview/treeview-data.js]
[www.einfosoft.com/templates/admin/spice/source/assets/js/pages/material-loading/material-loading.js]
[www.einfosoft.com/templates/admin/spice/source/assets/css/pages/formlayout.css]
[www.einfosoft.com/templates/admin/spice/source/assets/plugins/bootstrap-datetimepicker/css/bootstrap-datetimepicker.min.css]
[www.einfosoft.com/templates/admin/spice/source/assets/plugins/bootstrap-colorpicker/img/bootstrap-colorpicker/saturation.png]
[www.einfosoft.com/templates/admin/spice/source/assets/plugins/bootstrap-colorpicker/img/bootstrap-colorpicker/hue.png]
[www.einfosoft.com/templates/admin/spice/source/assets/plugins/bootstrap-colorpicker/img/bootstrap-colorpicker/alpha.png]
[www.einfosoft.com/templates/admin/spice/source/assets/plugins/bootstrap-colorpicker/img/bootstrap-colorpicker/hue-horizontal.png]
[www.einfosoft.com/templates/admin/spice/source/assets/plugins/bootstrap-colorpicker/img/bootstrap-colorpicker/alpha-horizontal.png]
[www.einfosoft.com/templates/admin/spice/source/assets/plugins/bootstrap-colorpicker/css/bootstrap-colorpicker.css]
[www.einfosoft.com/templates/admin/spice/source/assets/plugins/jquery-tags-input/jquery-tags-input.css]
[www.einfosoft.com/templates/admin/spice/source/assets/plugins/select2/css/select2.css]
[www.einfosoft.com/templates/admin/spice/source/assets/plugins/select2/css/select2-bootstrap.min.css]
[www.einfosoft.com/templates/admin/spice/source/assets/plugins/bootstrap-inputmask/bootstrap-inputmask.min.js]
[www.einfosoft.com/templates/admin/spice/source/assets/plugins/bootstrap-colorpicker/js/bootstrap-colorpicker.js]
[www.einfosoft.com/templates/admin/spice/source/assets/plugins/bootstrap-colorpicker/js/bootstrap-colorpicker-init.js]
[www.einfosoft.com/templates/admin/spice/source/assets/plugins/bootstrap-datetimepicker/js/bootstrap-datetimepicker.js]
[www.einfosoft.com/templates/admin/spice/source/assets/plugins/bootstrap-datetimepicker/js/bootstrap-datetimepicker-init.js]
[www.einfosoft.com/templates/admin/spice/source/assets/plugins/jquery-tags-input/jquery-tags-input.js]
[www.einfosoft.com/templates/admin/spice/source/assets/plugins/jquery-tags-input/jquery-tags-input-init.js]
[www.einfosoft.com/templates/admin/spice/source/assets/plugins/select2/js/select2.js]
[www.einfosoft.com/templates/admin/spice/source/assets/js/pages/select2/select2-init.js]
[www.einfosoft.com/templates/admin/spice/source/assets/plugins/bootstrap-datepicker/css/bootstrap-datepicker3.min.css]
[www.einfosoft.com/templates/admin/spice/source/assets/plugins/jquery-validation/js/jquery.validate.min.js]
[www.einfosoft.com/templates/admin/spice/source/assets/plugins/jquery-validation/js/additional-methods.min.js]
[www.einfosoft.com/templates/admin/spice/source/assets/plugins/bootstrap-datepicker/js/bootstrap-datepicker.min.js]
[www.einfosoft.com/templates/admin/spice/source/assets/js/pages/validation/form-validation.js]
[www.einfosoft.com/templates/admin/spice/source/assets/css/pages/steps.css]
[www.einfosoft.com/templates/admin/spice/source/assets/plugins/steps/jquery.steps.js]
[www.einfosoft.com/templates/admin/spice/source/assets/js/pages/steps/steps-data.js]
[www.einfosoft.com/templates/admin/spice/source/index-2.html]
[www.einfosoft.com/templates/admin/spice/source/assets/plugins/bootstrap-editable/bootstrap-editable/img/loading.gif]
[www.einfosoft.com/templates/admin/spice/source/assets/plugins/bootstrap-editable/bootstrap-editable/img/clear.png]
[www.einfosoft.com/templates/admin/spice/source/assets/plugins/bootstrap-editable/bootstrap-editable/css/bootstrap-editable.css]
[www.einfosoft.com/templates/admin/spice/source/assets/plugins/bootstrap-editable/inputs-ext/address/address.css]
[www.einfosoft.com/templates/admin/spice/source/assets/plugins/datatables/editabletable.js]
[www.einfosoft.com/templates/admin/spice/source/assets/js/pages/table/editable_table_data.js]
[www.einfosoft.com/templates/admin/spice/source/^image_]
[www.einfosoft.com/templates/admin/spice/source/assets/plugins/echarts/echarts.js]
[www.einfosoft.com/templates/admin/spice/source/assets/js/pages/chart/echart/echart-data.js]
[www.einfosoft.com/templates/admin/spice/source/assets/js/pages/chart/morris/morris_chart_data.js]
[www.einfosoft.com/templates/admin/spice/source/assets/js/pages/chart/chartjs/chartjs-data.js]
[www.einfosoft.com/templates/admin/spice/source/assets/plugins/gmaps/gmaps.min.js]
[www.einfosoft.com/templates/admin/spice/source/assets/js/pages/map/google-maps-data.js]
[www.einfosoft.com/templates/admin/spice/source/assets/plugins/jqvmap/jqvmap.css]
[www.einfosoft.com/templates/admin/spice/source/assets/plugins/jqvmap/jquery.vmap.js]
[www.einfosoft.com/templates/admin/spice/source/assets/plugins/jqvmap/maps/jquery.vmap.russia.js]
[www.einfosoft.com/templates/admin/spice/source/assets/plugins/jqvmap/maps/jquery.vmap.world.js]
[www.einfosoft.com/templates/admin/spice/source/assets/plugins/jqvmap/maps/jquery.vmap.europe.js]
[www.einfosoft.com/templates/admin/spice/source/assets/plugins/jqvmap/maps/jquery.vmap.germany.js]
[www.einfosoft.com/templates/admin/spice/source/assets/plugins/jqvmap/maps/jquery.vmap.usa.js]
[www.einfosoft.com/templates/admin/spice/source/assets/plugins/jqvmap/data/jquery.vmap.sampledata.js]
[www.einfosoft.com/templates/admin/spice/source/assets/js/pages/map/vector-data.js]
[www.einfosoft.com/templates/admin/spice/source/assets/css/pages/timeline.css]
[www.einfosoft.com/templates/admin/spice/source/assets/js/pages/timeline/timeline.js]
[www.einfosoft.com/templates/admin/spice/source/assets/plugins/modernizr/modernizr.min.js]
[preview.w3layouts.com/demos/flat_pricing_tables_design/web/images/calender.png]
[preview.w3layouts.com/demos/flat_pricing_tables_design/web/images/icon.png]
[preview.w3layouts.com/demos/flat_pricing_tables_design/web/images/filter-bg.png]
[www.einfosoft.com/templates/admin/spice/source/assets/css/pages/pricing.css]
[www.einfosoft.com/templates/admin/spice/source/popper.html]
[www.einfosoft.com/templates/admin/spice/source/img/index.html]
[www.einfosoft.com/templates/admin/spice/source/global/plugins/index.html]
[www.einfosoft.com/templates/admin/spice/source/css/index.html]
[www.einfosoft.com/templates/admin/spice/source/isDSTShifted is deprecated. See http_/momentjs.com/guides/index.html]
[www.einfosoft.com/templates/admin/spice/source/assets/plugins/jquery-file-upload/img/error.html]
[www.einfosoft.com/templates/admin/spice/source/assets/plugins/jquery-file-upload/img/play-pause.html]
[www.einfosoft.com/templates/admin/spice/source/assets/plugins/jquery-file-upload/img/error-2.html]
[www.einfosoft.com/templates/admin/spice/source/assets/plugins/jquery-file-upload/img/play-pause-2.html]
[www.einfosoft.com/templates/admin/spice/source/assets/plugins/jquery-file-upload/img/video-play.html]
[www.einfosoft.com/templates/admin/spice/source/assets/plugins/jquery-file-upload/img/video-play-2.html]
[www.einfosoft.com/templates/admin/spice/source/clipboard.html]
[www.einfosoft.com/templates/admin/spice/source/image/index.html]
[www.einfosoft.com/templates/admin/spice/source/assets/plugins/light-gallery/fonts/lg.svg]
[www.einfosoft.com/templates/admin/spice/source/assets/plugins/owl-carousel/grabbing.html]
[www.einfosoft.com/templates/admin/spice/source/assets/plugins/owl-carousel/AjaxLoader.html]
[www.einfosoft.com/templates/admin/spice/source/index-2.html]
[www.einfosoft.com/templates/admin/spice/source/^image_.html]
[preview.w3layouts.com/demos/flat_pricing_tables_design/web/images/filter-bg.html]
